package com.example.page;

abstract public class TestPageBase
{
    protected String param1_;

    protected String param2_;

    protected String param3_;

    protected Integer[] param4_;


    public String getParam1()
    {
        return param1_;
    }

    public void setParam2(String param2)
    {
        param2_ = param2;
    }

    public String getParam3()
    {
        return param3_;
    }

    public void setParam3(String param3)
    {
        param3_ = param3;
    }

    public Integer[] getParam4()
    {
        return param4_;
    }

    public void setParam4(Integer[] param4)
    {
        param4_ = param4;
    }

    public String _get()
    {
        return null;
    }
}
