package com.example.page;

public class TestPage extends TestPageBase
{
}
