package com.example.web.sub;

public class PageBase extends com.example.web.PageBase {
}
