package com.example.web;

public class SourceCreatorImplTest3PageSuper {
}
