package com.example.dto;

public class TestDto extends TestDtoBase
{
    public TestDto()
    {
    }

    public TestDto(boolean param1, String param2, String param3, Integer[] param4)
    {
        super(param1, param2, param3, param4);
    }
}
