package com.example.dto;

public class TestDto extends TestDtoBase
{
    public TestDto()
    {
    }
}
