package com.example.converter;

public class HoeConverter extends HoeConverterBase {
    /*
     * For example, if you want to convert empty String as null value
     * when it is set to an entity, override this method by uncommenting
     * the folling lines.
     *
     * @see HoeConverterBase#convertForEntity(Object, Class)
     */      
//    protected <T> T convertForEntity(Object value, Class<T> type) {
//        return emptyToNull(typeConversionManager_.convert(value, type));
//    }
}
