package org.seasar.ymir.extension.freemarker;

@org.seasar.ymir.constraint.annotation.Required("test")
public class HoePageBase {
    protected String hoe_;


    @org.seasar.ymir.constraint.annotation.Required("get")
    @org.seasar.ymir.constraint.annotation.SuppressConstraints
    public String getHoe() {
        return hoe_;
    }

    @org.seasar.ymir.constraint.annotation.Required("set")
    public void setHoe(String hoe) {
        hoe_ = hoe;
    }

    @org.seasar.ymir.constraint.annotation.Required("method")
    public void _get() {

    }
}
