package com.example.page;

import org.seasar.ymir.id.action.GetAction;

public class TestPageBase {
    public static final String PACKAGE = "com.example.page";

    public static final String NAME = "test";

    public static interface _get extends GetAction {
        public static final String NAME = "_get";

        public static final String KEY = "";

        public static final Class<? extends GetAction> method = _get.class;
    }

    public void _get(String arg0, String arg1) {

    }
}
