<html>
  <body>
    <form action="." method="post">
      <input type="checkbox" name="check1" value="true" /><input type="hidden" name="org.seasar.ymir.checkbox" value="check1" />
      <input type="checkbox" name="check2" value="true" /><input type="hidden" name="org.seasar.ymir.checkbox" value="check2" />
      <input type="submit" value="Go" />
    </form>
  </body>
</html>
